Archive member included to satisfy reference by file (symbol)

c:/users/adam/documents/stm32/workbench/plugins/fr.ac6.mcu.externaltools.arm-none.win32_1.7.0.201602121829/tools/compiler/bin/../lib/gcc/arm-none-eabi/5.2.1/armv6-m\libgcc.a(_thumb1_case_uqi.o)
                              Drivers/STM32F0xx_HAL_Driver/stm32f0xx_hal_tim.o (__gnu_thumb1_case_uqi)
c:/users/adam/documents/stm32/workbench/plugins/fr.ac6.mcu.externaltools.arm-none.win32_1.7.0.201602121829/tools/compiler/bin/../lib/gcc/arm-none-eabi/5.2.1/armv6-m\libgcc.a(_udivsi3.o)
                              Application/User/main.o (__aeabi_uidiv)
c:/users/adam/documents/stm32/workbench/plugins/fr.ac6.mcu.externaltools.arm-none.win32_1.7.0.201602121829/tools/compiler/bin/../lib/gcc/arm-none-eabi/5.2.1/armv6-m\libgcc.a(_dvmd_tls.o)
                              c:/users/adam/documents/stm32/workbench/plugins/fr.ac6.mcu.externaltools.arm-none.win32_1.7.0.201602121829/tools/compiler/bin/../lib/gcc/arm-none-eabi/5.2.1/armv6-m\libgcc.a(_udivsi3.o) (__aeabi_idiv0)
c:/users/adam/documents/stm32/workbench/plugins/fr.ac6.mcu.externaltools.arm-none.win32_1.7.0.201602121829/tools/compiler/bin/../lib/gcc/arm-none-eabi/5.2.1/armv6-m\libgcc.a(_lshrdi3.o)
                              Drivers/STM32F0xx_HAL_Driver/stm32f0xx_hal_flash.o (__aeabi_llsr)
c:/users/adam/documents/stm32/workbench/plugins/fr.ac6.mcu.externaltools.arm-none.win32_1.7.0.201602121829/tools/compiler/bin/../lib/gcc/arm-none-eabi/5.2.1/../../../../arm-none-eabi/lib/armv6-m\libc_nano.a(lib_a-exit.o)
                              c:/users/adam/documents/stm32/workbench/plugins/fr.ac6.mcu.externaltools.arm-none.win32_1.7.0.201602121829/tools/compiler/bin/../lib/gcc/arm-none-eabi/5.2.1/../../../../arm-none-eabi/lib/armv6-m/crt0.o (exit)
c:/users/adam/documents/stm32/workbench/plugins/fr.ac6.mcu.externaltools.arm-none.win32_1.7.0.201602121829/tools/compiler/bin/../lib/gcc/arm-none-eabi/5.2.1/../../../../arm-none-eabi/lib/armv6-m\libc_nano.a(lib_a-impure.o)
                              c:/users/adam/documents/stm32/workbench/plugins/fr.ac6.mcu.externaltools.arm-none.win32_1.7.0.201602121829/tools/compiler/bin/../lib/gcc/arm-none-eabi/5.2.1/../../../../arm-none-eabi/lib/armv6-m\libc_nano.a(lib_a-exit.o) (_global_impure_ptr)
c:/users/adam/documents/stm32/workbench/plugins/fr.ac6.mcu.externaltools.arm-none.win32_1.7.0.201602121829/tools/compiler/bin/../lib/gcc/arm-none-eabi/5.2.1/../../../../arm-none-eabi/lib/armv6-m\libc_nano.a(lib_a-init.o)
                              c:/users/adam/documents/stm32/workbench/plugins/fr.ac6.mcu.externaltools.arm-none.win32_1.7.0.201602121829/tools/compiler/bin/../lib/gcc/arm-none-eabi/5.2.1/../../../../arm-none-eabi/lib/armv6-m/crt0.o (__libc_init_array)
c:/users/adam/documents/stm32/workbench/plugins/fr.ac6.mcu.externaltools.arm-none.win32_1.7.0.201602121829/tools/compiler/bin/../lib/gcc/arm-none-eabi/5.2.1/../../../../arm-none-eabi/lib/armv6-m\libc_nano.a(lib_a-memcpy-stub.o)
                              Drivers/STM32F0xx_HAL_Driver/stm32f0xx_hal_rcc.o (memcpy)
c:/users/adam/documents/stm32/workbench/plugins/fr.ac6.mcu.externaltools.arm-none.win32_1.7.0.201602121829/tools/compiler/bin/../lib/gcc/arm-none-eabi/5.2.1/../../../../arm-none-eabi/lib/armv6-m\libc_nano.a(lib_a-memset.o)
                              c:/users/adam/documents/stm32/workbench/plugins/fr.ac6.mcu.externaltools.arm-none.win32_1.7.0.201602121829/tools/compiler/bin/../lib/gcc/arm-none-eabi/5.2.1/../../../../arm-none-eabi/lib/armv6-m/crt0.o (memset)
c:/users/adam/documents/stm32/workbench/plugins/fr.ac6.mcu.externaltools.arm-none.win32_1.7.0.201602121829/tools/compiler/bin/../lib/gcc/arm-none-eabi/5.2.1/../../../../arm-none-eabi/lib/armv6-m\libnosys.a(_exit.o)
                              c:/users/adam/documents/stm32/workbench/plugins/fr.ac6.mcu.externaltools.arm-none.win32_1.7.0.201602121829/tools/compiler/bin/../lib/gcc/arm-none-eabi/5.2.1/../../../../arm-none-eabi/lib/armv6-m\libc_nano.a(lib_a-exit.o) (_exit)

Allocating common symbols
Common symbol       size              file

htim17              0x3c              Application/User/tim.o
uwTick              0x4               Drivers/STM32F0xx_HAL_Driver/stm32f0xx_hal.o
pFlash              0x20              Drivers/STM32F0xx_HAL_Driver/stm32f0xx_hal_flash.o
htim3               0x3c              Application/User/tim.o
huart1              0x70              Application/User/usart.o
htim1               0x3c              Application/User/tim.o
hadc                0x4c              Application/User/adc.o
htim16              0x3c              Application/User/tim.o

Discarded input sections

 .text          0x00000000        0x0 c:/users/adam/documents/stm32/workbench/plugins/fr.ac6.mcu.externaltools.arm-none.win32_1.7.0.201602121829/tools/compiler/bin/../lib/gcc/arm-none-eabi/5.2.1/armv6-m/crti.o
[...]
Memory Configuration

Name             Origin             Length             Attributes
FLASH            0x08000000         0x00008000         xr
RAM              0x20000000         0x00001000         xrw
*default*        0x00000000         0xffffffff

Linker script and memory map

LOAD c:/users/adam/documents/stm32/workbench/plugins/fr.ac6.mcu.externaltools.arm-none.win32_1.7.0.201602121829/tools/compiler/bin/../lib/gcc/arm-none-eabi/5.2.1/armv6-m/crti.o
LOAD c:/users/adam/documents/stm32/workbench/plugins/fr.ac6.mcu.externaltools.arm-none.win32_1.7.0.201602121829/tools/compiler/bin/../lib/gcc/arm-none-eabi/5.2.1/armv6-m/crtbegin.o
LOAD c:/users/adam/documents/stm32/workbench/plugins/fr.ac6.mcu.externaltools.arm-none.win32_1.7.0.201602121829/tools/compiler/bin/../lib/gcc/arm-none-eabi/5.2.1/../../../../arm-none-eabi/lib/armv6-m/crt0.o
LOAD c:/users/adam/documents/stm32/workbench/plugins/fr.ac6.mcu.externaltools.arm-none.win32_1.7.0.201602121829/tools/compiler/bin/../lib/gcc/arm-none-eabi/5.2.1/../../../../arm-none-eabi/lib/armv6-m\libm.a
LOAD Application/SW4STM32/startup_stm32f030x6.o
LOAD Application/User/adc.o
LOAD Application/User/gpio.o
LOAD Application/User/main.o
LOAD Application/User/stm32f0xx_hal_msp.o
LOAD Application/User/stm32f0xx_it.o
LOAD Application/User/tim.o
LOAD Application/User/usart.o
LOAD Drivers/CMSIS/system_stm32f0xx.o
LOAD Drivers/STM32F0xx_HAL_Driver/stm32f0xx_hal.o
LOAD Drivers/STM32F0xx_HAL_Driver/stm32f0xx_hal_adc.o
LOAD Drivers/STM32F0xx_HAL_Driver/stm32f0xx_hal_adc_ex.o
LOAD Drivers/STM32F0xx_HAL_Driver/stm32f0xx_hal_cortex.o
LOAD Drivers/STM32F0xx_HAL_Driver/stm32f0xx_hal_dma.o
LOAD Drivers/STM32F0xx_HAL_Driver/stm32f0xx_hal_flash.o
LOAD Drivers/STM32F0xx_HAL_Driver/stm32f0xx_hal_flash_ex.o
LOAD Drivers/STM32F0xx_HAL_Driver/stm32f0xx_hal_gpio.o
LOAD Drivers/STM32F0xx_HAL_Driver/stm32f0xx_hal_i2c.o
LOAD Drivers/STM32F0xx_HAL_Driver/stm32f0xx_hal_i2c_ex.o
LOAD Drivers/STM32F0xx_HAL_Driver/stm32f0xx_hal_pwr.o
LOAD Drivers/STM32F0xx_HAL_Driver/stm32f0xx_hal_pwr_ex.o
LOAD Drivers/STM32F0xx_HAL_Driver/stm32f0xx_hal_rcc.o
LOAD Drivers/STM32F0xx_HAL_Driver/stm32f0xx_hal_rcc_ex.o
LOAD Drivers/STM32F0xx_HAL_Driver/stm32f0xx_hal_tim.o
LOAD Drivers/STM32F0xx_HAL_Driver/stm32f0xx_hal_tim_ex.o
LOAD Drivers/STM32F0xx_HAL_Driver/stm32f0xx_hal_uart.o
LOAD Drivers/STM32F0xx_HAL_Driver/stm32f0xx_hal_uart_ex.o
START GROUP
LOAD c:/users/adam/documents/stm32/workbench/plugins/fr.ac6.mcu.externaltools.arm-none.win32_1.7.0.201602121829/tools/compiler/bin/../lib/gcc/arm-none-eabi/5.2.1/armv6-m\libgcc.a
LOAD c:/users/adam/documents/stm32/workbench/plugins/fr.ac6.mcu.externaltools.arm-none.win32_1.7.0.201602121829/tools/compiler/bin/../lib/gcc/arm-none-eabi/5.2.1/../../../../arm-none-eabi/lib/armv6-m\libc_nano.a
END GROUP
START GROUP
LOAD c:/users/adam/documents/stm32/workbench/plugins/fr.ac6.mcu.externaltools.arm-none.win32_1.7.0.201602121829/tools/compiler/bin/../lib/gcc/arm-none-eabi/5.2.1/armv6-m\libgcc.a
LOAD c:/users/adam/documents/stm32/workbench/plugins/fr.ac6.mcu.externaltools.arm-none.win32_1.7.0.201602121829/tools/compiler/bin/../lib/gcc/arm-none-eabi/5.2.1/../../../../arm-none-eabi/lib/armv6-m\libc_nano.a
LOAD c:/users/adam/documents/stm32/workbench/plugins/fr.ac6.mcu.externaltools.arm-none.win32_1.7.0.201602121829/tools/compiler/bin/../lib/gcc/arm-none-eabi/5.2.1/../../../../arm-none-eabi/lib/armv6-m\libnosys.a
END GROUP
START GROUP
LOAD c:/users/adam/documents/stm32/workbench/plugins/fr.ac6.mcu.externaltools.arm-none.win32_1.7.0.201602121829/tools/compiler/bin/../lib/gcc/arm-none-eabi/5.2.1/armv6-m\libgcc.a
LOAD c:/users/adam/documents/stm32/workbench/plugins/fr.ac6.mcu.externaltools.arm-none.win32_1.7.0.201602121829/tools/compiler/bin/../lib/gcc/arm-none-eabi/5.2.1/../../../../arm-none-eabi/lib/armv6-m\libc_nano.a
LOAD c:/users/adam/documents/stm32/workbench/plugins/fr.ac6.mcu.externaltools.arm-none.win32_1.7.0.201602121829/tools/compiler/bin/../lib/gcc/arm-none-eabi/5.2.1/../../../../arm-none-eabi/lib/armv6-m\libnosys.a
END GROUP
LOAD c:/users/adam/documents/stm32/workbench/plugins/fr.ac6.mcu.externaltools.arm-none.win32_1.7.0.201602121829/tools/compiler/bin/../lib/gcc/arm-none-eabi/5.2.1/armv6-m/crtend.o
LOAD c:/users/adam/documents/stm32/workbench/plugins/fr.ac6.mcu.externaltools.arm-none.win32_1.7.0.201602121829/tools/compiler/bin/../lib/gcc/arm-none-eabi/5.2.1/armv6-m/crtn.o
                0x20001000                _estack = 0x20001000
                0x00000200                _Min_Heap_Size = 0x200
                0x00000400                _Min_Stack_Size = 0x400

.isr_vector     0x08000000       0xc0
                0x08000000                . = ALIGN (0x4)
 *(.isr_vector)
 .isr_vector    0x08000000       0xc0 Application/SW4STM32/startup_stm32f030x6.o
                0x08000000                g_pfnVectors
                0x080000c0                . = ALIGN (0x4)

.text           0x080000c0     0x1b88
                0x080000c0                . = ALIGN (0x4)
 *(.text)
 .text          0x080000c0       0xb4 c:/users/adam/documents/stm32/workbench/plugins/fr.ac6.mcu.externaltools.arm-none.win32_1.7.0.201602121829/tools/compiler/bin/../lib/gcc/arm-none-eabi/5.2.1/armv6-m/crtbegin.o
 .text          0x08000174       0x14 c:/users/adam/documents/stm32/workbench/plugins/fr.ac6.mcu.externaltools.arm-none.win32_1.7.0.201602121829/tools/compiler/bin/../lib/gcc/arm-none-eabi/5.2.1/armv6-m\libgcc.a(_thumb1_case_uqi.o)
                0x08000174                __gnu_thumb1_case_uqi
 .text          0x08000188      0x114 c:/users/adam/documents/stm32/workbench/plugins/fr.ac6.mcu.externaltools.arm-none.win32_1.7.0.201602121829/tools/compiler/bin/../lib/gcc/arm-none-eabi/5.2.1/armv6-m\libgcc.a(_udivsi3.o)
                0x08000188                __aeabi_uidiv
                0x08000188                __udivsi3
                0x08000294                __aeabi_uidivmod
 .text          0x0800029c        0x4 c:/users/adam/documents/stm32/workbench/plugins/fr.ac6.mcu.externaltools.arm-none.win32_1.7.0.201602121829/tools/compiler/bin/../lib/gcc/arm-none-eabi/5.2.1/armv6-m\libgcc.a(_dvmd_tls.o)
                0x0800029c                __aeabi_idiv0
                0x0800029c                __aeabi_ldiv0
 *(.text*)
 .text.Reset_Handler
                0x080002a0       0x50 Application/SW4STM32/startup_stm32f030x6.o
                0x080002a0                Reset_Handler
 .text.Default_Handler
                0x080002f0        0x2 Application/SW4STM32/startup_stm32f030x6.o
                0x080002f0                TIM1_CC_IRQHandler
                0x080002f0                I2C1_IRQHandler
                0x080002f0                SPI1_IRQHandler
                0x080002f0                EXTI2_3_IRQHandler
                0x080002f0                ADC1_IRQHandler
                0x080002f0                TIM17_IRQHandler
                0x080002f0                RTC_IRQHandler
                0x080002f0                TIM16_IRQHandler
                0x080002f0                TIM3_IRQHandler
                0x080002f0                EXTI4_15_IRQHandler
                0x080002f0                RCC_IRQHandler
                0x080002f0                DMA1_Channel1_IRQHandler
                0x080002f0                Default_Handler
                0x080002f0                TIM14_IRQHandler
                0x080002f0                DMA1_Channel4_5_IRQHandler
                0x080002f0                EXTI0_1_IRQHandler
                0x080002f0                WWDG_IRQHandler
                0x080002f0                DMA1_Channel2_3_IRQHandler
                0x080002f0                FLASH_IRQHandler
                0x080002f0                USART1_IRQHandler
                0x080002f0                TIM1_BRK_UP_TRG_COM_IRQHandler
 *fill*         0x080002f2        0x2 
 .text.MX_ADC_Init
                0x080002f4       0xb0 Application/User/adc.o
                0x080002f4                MX_ADC_Init
 .text.HAL_ADC_MspInit
                0x080003a4       0x40 Application/User/adc.o
                0x080003a4                HAL_ADC_MspInit
 .text.MX_GPIO_Init
                0x080003e4       0xdc Application/User/gpio.o
                0x080003e4                MX_GPIO_Init
 .text.SystemClock_Config
                0x080004c0       0x7e Application/User/main.o
                0x080004c0                SystemClock_Config
 .text.startup.main
                0x0800053e       0x28 Application/User/main.o
                0x0800053e                main
 .text.Error_Handler
                0x08000566        0x2 Application/User/main.o
                0x08000566                Error_Handler
 .text.HAL_MspInit
                0x08000568       0x40 Application/User/stm32f0xx_hal_msp.o
                0x08000568                HAL_MspInit
 .text.NMI_Handler
                0x080005a8        0x2 Application/User/stm32f0xx_it.o
                0x080005a8                NMI_Handler
 .text.HardFault_Handler
                0x080005aa        0x2 Application/User/stm32f0xx_it.o
                0x080005aa                HardFault_Handler
 .text.SVC_Handler
                0x080005ac        0x2 Application/User/stm32f0xx_it.o
                0x080005ac                SVC_Handler
 .text.PendSV_Handler
                0x080005ae        0x2 Application/User/stm32f0xx_it.o
                0x080005ae                PendSV_Handler
 .text.SysTick_Handler
                0x080005b0        0xc Application/User/stm32f0xx_it.o
                0x080005b0                SysTick_Handler
 .text.HAL_TIM_PWM_MspInit
                0x080005bc       0x48 Application/User/tim.o
                0x080005bc                HAL_TIM_PWM_MspInit
 .text.HAL_TIM_Base_MspInit
                0x08000604       0x4c Application/User/tim.o
                0x08000604                HAL_TIM_Base_MspInit
 .text.HAL_TIM_MspPostInit
                0x08000650       0x94 Application/User/tim.o
                0x08000650                HAL_TIM_MspPostInit
 .text.MX_TIM1_Init
                0x080006e4       0xb4 Application/User/tim.o
                0x080006e4                MX_TIM1_Init
 .text.MX_TIM3_Init
                0x08000798       0x68 Application/User/tim.o
                0x08000798                MX_TIM3_Init
 .text.MX_TIM16_Init
                0x08000800       0x8c Application/User/tim.o
                0x08000800                MX_TIM16_Init
 .text.MX_TIM17_Init
                0x0800088c       0x8c Application/User/tim.o
                0x0800088c                MX_TIM17_Init
 .text.MX_USART1_UART_Init
                0x08000918       0x3c Application/User/usart.o
                0x08000918                MX_USART1_UART_Init
 .text.HAL_UART_MspInit
                0x08000954       0x64 Application/User/usart.o
                0x08000954                HAL_UART_MspInit
 .text.SystemInit
                0x080009b8       0x60 Drivers/CMSIS/system_stm32f0xx.o
                0x080009b8                SystemInit
 .text.HAL_InitTick
                0x08000a18       0x24 Drivers/STM32F0xx_HAL_Driver/stm32f0xx_hal.o
                0x08000a18                HAL_InitTick
 .text.HAL_Init
                0x08000a3c       0x20 Drivers/STM32F0xx_HAL_Driver/stm32f0xx_hal.o
                0x08000a3c                HAL_Init
 .text.HAL_IncTick
                0x08000a5c       0x10 Drivers/STM32F0xx_HAL_Driver/stm32f0xx_hal.o
                0x08000a5c                HAL_IncTick
 .text.HAL_GetTick
                0x08000a6c        0xc Drivers/STM32F0xx_HAL_Driver/stm32f0xx_hal.o
                0x08000a6c                HAL_GetTick
 .text.HAL_ADC_Init
                0x08000a78      0x148 Drivers/STM32F0xx_HAL_Driver/stm32f0xx_hal_adc.o
                0x08000a78                HAL_ADC_Init
 .text.HAL_ADC_ConfigChannel
                0x08000bc0       0xe8 Drivers/STM32F0xx_HAL_Driver/stm32f0xx_hal_adc.o
                0x08000bc0                HAL_ADC_ConfigChannel
 .text.HAL_NVIC_SetPriority
                0x08000ca8       0x60 Drivers/STM32F0xx_HAL_Driver/stm32f0xx_hal_cortex.o
                0x08000ca8                HAL_NVIC_SetPriority
 .text.HAL_SYSTICK_Config
                0x08000d08       0x34 Drivers/STM32F0xx_HAL_Driver/stm32f0xx_hal_cortex.o
                0x08000d08                HAL_SYSTICK_Config
 .text.HAL_SYSTICK_CLKSourceConfig
                0x08000d3c       0x1c Drivers/STM32F0xx_HAL_Driver/stm32f0xx_hal_cortex.o
                0x08000d3c                HAL_SYSTICK_CLKSourceConfig
 .text.HAL_SYSTICK_Callback
                0x08000d58        0x2 Drivers/STM32F0xx_HAL_Driver/stm32f0xx_hal_cortex.o
                0x08000d58                HAL_SYSTICK_Callback
 .text.HAL_SYSTICK_IRQHandler
                0x08000d5a        0x8 Drivers/STM32F0xx_HAL_Driver/stm32f0xx_hal_cortex.o
                0x08000d5a                HAL_SYSTICK_IRQHandler
 *fill*         0x08000d62        0x2 
 .text.HAL_GPIO_Init
                0x08000d64      0x15c Drivers/STM32F0xx_HAL_Driver/stm32f0xx_hal_gpio.o
                0x08000d64                HAL_GPIO_Init
 .text.HAL_GPIO_WritePin
                0x08000ec0        0xc Drivers/STM32F0xx_HAL_Driver/stm32f0xx_hal_gpio.o
                0x08000ec0                HAL_GPIO_WritePin
 .text.HAL_RCC_OscConfig
                0x08000ecc      0x3dc Drivers/STM32F0xx_HAL_Driver/stm32f0xx_hal_rcc.o
                0x08000ecc                HAL_RCC_OscConfig
 .text.HAL_RCC_GetSysClockFreq
                0x080012a8       0x64 Drivers/STM32F0xx_HAL_Driver/stm32f0xx_hal_rcc.o
                0x080012a8                HAL_RCC_GetSysClockFreq
 .text.HAL_RCC_ClockConfig
                0x0800130c      0x12c Drivers/STM32F0xx_HAL_Driver/stm32f0xx_hal_rcc.o
                0x0800130c                HAL_RCC_ClockConfig
 .text.HAL_RCC_GetHCLKFreq
                0x08001438        0xc Drivers/STM32F0xx_HAL_Driver/stm32f0xx_hal_rcc.o
                0x08001438                HAL_RCC_GetHCLKFreq
 .text.HAL_RCC_GetPCLK1Freq
                0x08001444       0x20 Drivers/STM32F0xx_HAL_Driver/stm32f0xx_hal_rcc.o
                0x08001444                HAL_RCC_GetPCLK1Freq
 .text.HAL_RCCEx_PeriphCLKConfig
                0x08001464      0x110 Drivers/STM32F0xx_HAL_Driver/stm32f0xx_hal_rcc_ex.o
                0x08001464                HAL_RCCEx_PeriphCLKConfig
 .text.TIM_OC1_SetConfig
                0x08001574       0x78 Drivers/STM32F0xx_HAL_Driver/stm32f0xx_hal_tim.o
 .text.TIM_OC3_SetConfig
                0x080015ec       0x80 Drivers/STM32F0xx_HAL_Driver/stm32f0xx_hal_tim.o
 .text.TIM_OC4_SetConfig
                0x0800166c       0x68 Drivers/STM32F0xx_HAL_Driver/stm32f0xx_hal_tim.o
 .text.TIM_Base_SetConfig
                0x080016d4       0x78 Drivers/STM32F0xx_HAL_Driver/stm32f0xx_hal_tim.o
                0x080016d4                TIM_Base_SetConfig
 .text.HAL_TIM_Base_Init
                0x0800174c       0x36 Drivers/STM32F0xx_HAL_Driver/stm32f0xx_hal_tim.o
                0x0800174c                HAL_TIM_Base_Init
 .text.HAL_TIM_PWM_Init
                0x08001782       0x36 Drivers/STM32F0xx_HAL_Driver/stm32f0xx_hal_tim.o
                0x08001782                HAL_TIM_PWM_Init
 .text.TIM_OC2_SetConfig
                0x080017b8       0x78 Drivers/STM32F0xx_HAL_Driver/stm32f0xx_hal_tim.o
                0x080017b8                TIM_OC2_SetConfig
 .text.HAL_TIM_PWM_ConfigChannel
                0x08001830       0xd4 Drivers/STM32F0xx_HAL_Driver/stm32f0xx_hal_tim.o
                0x08001830                HAL_TIM_PWM_ConfigChannel
 .text.HAL_TIMEx_MasterConfigSynchronization
                0x08001904       0x42 Drivers/STM32F0xx_HAL_Driver/stm32f0xx_hal_tim_ex.o
                0x08001904                HAL_TIMEx_MasterConfigSynchronization
 .text.HAL_TIMEx_ConfigBreakDeadTime
                0x08001946       0x3e Drivers/STM32F0xx_HAL_Driver/stm32f0xx_hal_tim_ex.o
                0x08001946                HAL_TIMEx_ConfigBreakDeadTime
 .text.UART_SetConfig
                0x08001984      0x104 Drivers/STM32F0xx_HAL_Driver/stm32f0xx_hal_uart.o
                0x08001984                UART_SetConfig
 .text.UART_AdvFeatureConfig
                0x08001a88       0xd0 Drivers/STM32F0xx_HAL_Driver/stm32f0xx_hal_uart.o
                0x08001a88                UART_AdvFeatureConfig
 .text.HAL_UART_Init
                0x08001b58       0x78 Drivers/STM32F0xx_HAL_Driver/stm32f0xx_hal_uart.o
                0x08001b58                HAL_UART_Init
 .text.__libc_init_array
                0x08001bd0       0x4c c:/users/adam/documents/stm32/workbench/plugins/fr.ac6.mcu.externaltools.arm-none.win32_1.7.0.201602121829/tools/compiler/bin/../lib/gcc/arm-none-eabi/5.2.1/../../../../arm-none-eabi/lib/armv6-m\libc_nano.a(lib_a-init.o)
                0x08001bd0                __libc_init_array
 .text.memcpy   0x08001c1c       0x12 c:/users/adam/documents/stm32/workbench/plugins/fr.ac6.mcu.externaltools.arm-none.win32_1.7.0.201602121829/tools/compiler/bin/../lib/gcc/arm-none-eabi/5.2.1/../../../../arm-none-eabi/lib/armv6-m\libc_nano.a(lib_a-memcpy-stub.o)
                0x08001c1c                memcpy
 *(.glue_7)
 .glue_7        0x08001c2e        0x0 linker stubs
 *(.glue_7t)
 .glue_7t       0x08001c2e        0x0 linker stubs
 *(.eh_frame)
 *fill*         0x08001c2e        0x2 
 .eh_frame      0x08001c30        0x0 c:/users/adam/documents/stm32/workbench/plugins/fr.ac6.mcu.externaltools.arm-none.win32_1.7.0.201602121829/tools/compiler/bin/../lib/gcc/arm-none-eabi/5.2.1/armv6-m/crtbegin.o
 *(.init)
 .init          0x08001c30        0x4 c:/users/adam/documents/stm32/workbench/plugins/fr.ac6.mcu.externaltools.arm-none.win32_1.7.0.201602121829/tools/compiler/bin/../lib/gcc/arm-none-eabi/5.2.1/armv6-m/crti.o
                0x08001c30                _init
 .init          0x08001c34        0x8 c:/users/adam/documents/stm32/workbench/plugins/fr.ac6.mcu.externaltools.arm-none.win32_1.7.0.201602121829/tools/compiler/bin/../lib/gcc/arm-none-eabi/5.2.1/armv6-m/crtn.o
 *(.fini)
 .fini          0x08001c3c        0x4 c:/users/adam/documents/stm32/workbench/plugins/fr.ac6.mcu.externaltools.arm-none.win32_1.7.0.201602121829/tools/compiler/bin/../lib/gcc/arm-none-eabi/5.2.1/armv6-m/crti.o
                0x08001c3c                _fini
 .fini          0x08001c40        0x8 c:/users/adam/documents/stm32/workbench/plugins/fr.ac6.mcu.externaltools.arm-none.win32_1.7.0.201602121829/tools/compiler/bin/../lib/gcc/arm-none-eabi/5.2.1/armv6-m/crtn.o
                0x08001c48                . = ALIGN (0x4)
                0x08001c48                _etext = .

.vfp11_veneer   0x08001c48        0x0
 .vfp11_veneer  0x08001c48        0x0 linker stubs

.v4_bx          0x08001c48        0x0
 .v4_bx         0x08001c48        0x0 linker stubs

.iplt           0x08001c48        0x0
 .iplt          0x08001c48        0x0 c:/users/adam/documents/stm32/workbench/plugins/fr.ac6.mcu.externaltools.arm-none.win32_1.7.0.201602121829/tools/compiler/bin/../lib/gcc/arm-none-eabi/5.2.1/armv6-m/crtbegin.o

.rodata         0x08001c48       0x3c
                0x08001c48                . = ALIGN (0x4)
 *(.rodata)
 .rodata        0x08001c48       0x18 Drivers/CMSIS/system_stm32f0xx.o
                0x08001c48                AHBPrescTable
                0x08001c58                APBPrescTable
 .rodata        0x08001c60       0x20 Drivers/STM32F0xx_HAL_Driver/stm32f0xx_hal_rcc.o
 .rodata        0x08001c80        0x4 Drivers/STM32F0xx_HAL_Driver/stm32f0xx_hal_uart.o
 *(.rodata*)
                0x08001c84                . = ALIGN (0x4)

.rel.dyn        0x08001c84        0x0
 .rel.iplt      0x08001c84        0x0 c:/users/adam/documents/stm32/workbench/plugins/fr.ac6.mcu.externaltools.arm-none.win32_1.7.0.201602121829/tools/compiler/bin/../lib/gcc/arm-none-eabi/5.2.1/armv6-m/crtbegin.o

.ARM.extab
 *(.ARM.extab* .gnu.linkonce.armextab.*)

.ARM            0x08001c84        0x0
                0x08001c84                __exidx_start = .
 *(.ARM.exidx*)
                0x08001c84                __exidx_end = .

.preinit_array  0x08001c84        0x0
                0x08001c84                PROVIDE (__preinit_array_start, .)
 *(.preinit_array*)
                0x08001c84                PROVIDE (__preinit_array_end, .)

.init_array     0x08001c84        0x4
                0x08001c84                PROVIDE (__init_array_start, .)
 *(SORT(.init_array.*))
 *(.init_array*)
 .init_array    0x08001c84        0x4 c:/users/adam/documents/stm32/workbench/plugins/fr.ac6.mcu.externaltools.arm-none.win32_1.7.0.201602121829/tools/compiler/bin/../lib/gcc/arm-none-eabi/5.2.1/armv6-m/crtbegin.o
                0x08001c88                PROVIDE (__init_array_end, .)

.fini_array     0x08001c88        0x4
                [!provide]                PROVIDE (__fini_array_start, .)
 *(SORT(.fini_array.*))
 *(.fini_array*)
 .fini_array    0x08001c88        0x4 c:/users/adam/documents/stm32/workbench/plugins/fr.ac6.mcu.externaltools.arm-none.win32_1.7.0.201602121829/tools/compiler/bin/../lib/gcc/arm-none-eabi/5.2.1/armv6-m/crtbegin.o
                [!provide]                PROVIDE (__fini_array_end, .)
                0x08001c8c                _sidata = LOADADDR (.data)

.data           0x20000000        0x4 load address 0x08001c8c
                0x20000000                . = ALIGN (0x4)
                0x20000000                _sdata = .
 *(.data)
 .data          0x20000000        0x4 Drivers/CMSIS/system_stm32f0xx.o
                0x20000000                SystemCoreClock
 *(.data*)
                0x20000004                . = ALIGN (0x4)
                0x20000004                _edata = .

.jcr            0x20000004        0x0 load address 0x08001c90
 .jcr           0x20000004        0x0 c:/users/adam/documents/stm32/workbench/plugins/fr.ac6.mcu.externaltools.arm-none.win32_1.7.0.201602121829/tools/compiler/bin/../lib/gcc/arm-none-eabi/5.2.1/armv6-m/crtbegin.o

.tm_clone_table
                0x20000004        0x0 load address 0x08001c90
 .tm_clone_table
                0x20000004        0x0 c:/users/adam/documents/stm32/workbench/plugins/fr.ac6.mcu.externaltools.arm-none.win32_1.7.0.201602121829/tools/compiler/bin/../lib/gcc/arm-none-eabi/5.2.1/armv6-m/crtbegin.o
 .tm_clone_table
                0x20000004        0x0 c:/users/adam/documents/stm32/workbench/plugins/fr.ac6.mcu.externaltools.arm-none.win32_1.7.0.201602121829/tools/compiler/bin/../lib/gcc/arm-none-eabi/5.2.1/armv6-m/crtend.o

.igot.plt       0x20000004        0x0 load address 0x08001c90
 .igot.plt      0x20000004        0x0 c:/users/adam/documents/stm32/workbench/plugins/fr.ac6.mcu.externaltools.arm-none.win32_1.7.0.201602121829/tools/compiler/bin/../lib/gcc/arm-none-eabi/5.2.1/armv6-m/crtbegin.o
                0x20000004                . = ALIGN (0x4)

.bss            0x20000004      0x1cc load address 0x08001c90
                0x20000004                _sbss = .
                0x20000004                __bss_start__ = _sbss
 *(.bss)
 .bss           0x20000004       0x1c c:/users/adam/documents/stm32/workbench/plugins/fr.ac6.mcu.externaltools.arm-none.win32_1.7.0.201602121829/tools/compiler/bin/../lib/gcc/arm-none-eabi/5.2.1/armv6-m/crtbegin.o
 *(.bss*)
 *(COMMON)
 COMMON         0x20000020       0x4c Application/User/adc.o
                0x20000020                hadc
 COMMON         0x2000006c       0xf0 Application/User/tim.o
                0x2000006c                htim17
                0x200000a8                htim3
                0x200000e4                htim1
                0x20000120                htim16
 COMMON         0x2000015c       0x70 Application/User/usart.o
                0x2000015c                huart1
 COMMON         0x200001cc        0x4 Drivers/STM32F0xx_HAL_Driver/stm32f0xx_hal.o
                0x200001cc                uwTick
                0x200001d0                . = ALIGN (0x4)
                0x200001d0                _ebss = .
                0x200001d0                __bss_end__ = _ebss

._user_heap_stack
                0x200001d0      0x600 load address 0x08001c90
                0x200001d0                . = ALIGN (0x8)
                [!provide]                PROVIDE (end, .)
                [!provide]                PROVIDE (_end, .)
                0x200003d0                . = (. + _Min_Heap_Size)
 *fill*         0x200001d0      0x200 
                0x200007d0                . = (. + _Min_Stack_Size)
 *fill*         0x200003d0      0x400 
                0x200007d0                . = ALIGN (0x8)

/DISCARD/
 libc.a(*)
 libm.a(*)
 libgcc.a(*)

.ARM.attributes
                0x00000000       0x28
 *(.ARM.attributes)
 .ARM.attributes
                0x00000000       0x1e c:/users/adam/documents/stm32/workbench/plugins/fr.ac6.mcu.externaltools.arm-none.win32_1.7.0.201602121829/tools/compiler/bin/../lib/gcc/arm-none-eabi/5.2.1/armv6-m/crti.o
 .ARM.attributes
                0x0000001e       0x2c c:/users/adam/documents/stm32/workbench/plugins/fr.ac6.mcu.externaltools.arm-none.win32_1.7.0.201602121829/tools/compiler/bin/../lib/gcc/arm-none-eabi/5.2.1/armv6-m/crtbegin.o
 .ARM.attributes
                0x0000004a       0x21 Application/SW4STM32/startup_stm32f030x6.o
 .ARM.attributes
                0x0000006b       0x31 Application/User/adc.o
 .ARM.attributes
                0x0000009c       0x31 Application/User/gpio.o
 .ARM.attributes
                0x000000cd       0x31 Application/User/main.o
 .ARM.attributes
                0x000000fe       0x31 Application/User/stm32f0xx_hal_msp.o
 .ARM.attributes
                0x0000012f       0x31 Application/User/stm32f0xx_it.o
 .ARM.attributes
                0x00000160       0x31 Application/User/tim.o
 .ARM.attributes
                0x00000191       0x31 Application/User/usart.o
 .ARM.attributes
                0x000001c2       0x31 Drivers/CMSIS/system_stm32f0xx.o
 .ARM.attributes
                0x000001f3       0x31 Drivers/STM32F0xx_HAL_Driver/stm32f0xx_hal.o
 .ARM.attributes
                0x00000224       0x31 Drivers/STM32F0xx_HAL_Driver/stm32f0xx_hal_adc.o
 .ARM.attributes
                0x00000255       0x31 Drivers/STM32F0xx_HAL_Driver/stm32f0xx_hal_cortex.o
 .ARM.attributes
                0x00000286       0x31 Drivers/STM32F0xx_HAL_Driver/stm32f0xx_hal_gpio.o
 .ARM.attributes
                0x000002b7       0x31 Drivers/STM32F0xx_HAL_Driver/stm32f0xx_hal_rcc.o
 .ARM.attributes
                0x000002e8       0x31 Drivers/STM32F0xx_HAL_Driver/stm32f0xx_hal_rcc_ex.o
 .ARM.attributes
                0x00000319       0x31 Drivers/STM32F0xx_HAL_Driver/stm32f0xx_hal_tim.o
 .ARM.attributes
                0x0000034a       0x31 Drivers/STM32F0xx_HAL_Driver/stm32f0xx_hal_tim_ex.o
 .ARM.attributes
                0x0000037b       0x31 Drivers/STM32F0xx_HAL_Driver/stm32f0xx_hal_uart.o
 .ARM.attributes
                0x000003ac       0x1e c:/users/adam/documents/stm32/workbench/plugins/fr.ac6.mcu.externaltools.arm-none.win32_1.7.0.201602121829/tools/compiler/bin/../lib/gcc/arm-none-eabi/5.2.1/armv6-m\libgcc.a(_thumb1_case_uqi.o)
 .ARM.attributes
                0x000003ca       0x1e c:/users/adam/documents/stm32/workbench/plugins/fr.ac6.mcu.externaltools.arm-none.win32_1.7.0.201602121829/tools/compiler/bin/../lib/gcc/arm-none-eabi/5.2.1/armv6-m\libgcc.a(_udivsi3.o)
 .ARM.attributes
                0x000003e8       0x1e c:/users/adam/documents/stm32/workbench/plugins/fr.ac6.mcu.externaltools.arm-none.win32_1.7.0.201602121829/tools/compiler/bin/../lib/gcc/arm-none-eabi/5.2.1/armv6-m\libgcc.a(_dvmd_tls.o)
 .ARM.attributes
                0x00000406       0x2c c:/users/adam/documents/stm32/workbench/plugins/fr.ac6.mcu.externaltools.arm-none.win32_1.7.0.201602121829/tools/compiler/bin/../lib/gcc/arm-none-eabi/5.2.1/../../../../arm-none-eabi/lib/armv6-m\libc_nano.a(lib_a-init.o)
 .ARM.attributes
                0x00000432       0x2c c:/users/adam/documents/stm32/workbench/plugins/fr.ac6.mcu.externaltools.arm-none.win32_1.7.0.201602121829/tools/compiler/bin/../lib/gcc/arm-none-eabi/5.2.1/../../../../arm-none-eabi/lib/armv6-m\libc_nano.a(lib_a-memcpy-stub.o)
 .ARM.attributes
                0x0000045e       0x2c c:/users/adam/documents/stm32/workbench/plugins/fr.ac6.mcu.externaltools.arm-none.win32_1.7.0.201602121829/tools/compiler/bin/../lib/gcc/arm-none-eabi/5.2.1/armv6-m/crtend.o
 .ARM.attributes
                0x0000048a       0x1e c:/users/adam/documents/stm32/workbench/plugins/fr.ac6.mcu.externaltools.arm-none.win32_1.7.0.201602121829/tools/compiler/bin/../lib/gcc/arm-none-eabi/5.2.1/armv6-m/crtn.o
OUTPUT(BLDC_V2.elf elf32-littlearm)

.debug_line     0x00000000     0xb56f
 .debug_line    0x00000000       0xcd Application/SW4STM32/startup_stm32f030x6.o
 .debug_line    0x000000cd      0x867 Application/User/adc.o
 .debug_line    0x00000934      0x81b Application/User/gpio.o
 .debug_line    0x0000114f      0x84b Application/User/main.o
 .debug_line    0x0000199a      0x7f4 Application/User/stm32f0xx_hal_msp.o
 .debug_line    0x0000218e      0x812 Application/User/stm32f0xx_it.o
 .debug_line    0x000029a0      0x951 Application/User/tim.o
 .debug_line    0x000032f1      0x851 Application/User/usart.o
 .debug_line    0x00003b42      0x84f Drivers/CMSIS/system_stm32f0xx.o
 .debug_line    0x00004391      0x933 Drivers/STM32F0xx_HAL_Driver/stm32f0xx_hal.o
 .debug_line    0x00004cc4      0xd65 Drivers/STM32F0xx_HAL_Driver/stm32f0xx_hal_adc.o
 .debug_line    0x00005a29      0x982 Drivers/STM32F0xx_HAL_Driver/stm32f0xx_hal_cortex.o
 .debug_line    0x000063ab      0x971 Drivers/STM32F0xx_HAL_Driver/stm32f0xx_hal_gpio.o
 .debug_line    0x00006d1c      0xb09 Drivers/STM32F0xx_HAL_Driver/stm32f0xx_hal_rcc.o
 .debug_line    0x00007825      0x8ea Drivers/STM32F0xx_HAL_Driver/stm32f0xx_hal_rcc_ex.o
 .debug_line    0x0000810f     0x17b8 Drivers/STM32F0xx_HAL_Driver/stm32f0xx_hal_tim.o
 .debug_line    0x000098c7      0xc87 Drivers/STM32F0xx_HAL_Driver/stm32f0xx_hal_tim_ex.o
 .debug_line    0x0000a54e     0x1021 Drivers/STM32F0xx_HAL_Driver/stm32f0xx_hal_uart.o

.debug_info     0x00000000     0xa95b
 .debug_info    0x00000000       0xc5 Application/SW4STM32/startup_stm32f030x6.o
 .debug_info    0x000000c5      0x86e Application/User/adc.o
 .debug_info    0x00000933      0x3ef Application/User/gpio.o
 .debug_info    0x00000d22      0x4af Application/User/main.o
 .debug_info    0x000011d1      0x29d Application/User/stm32f0xx_hal_msp.o
 .debug_info    0x0000146e       0xec Application/User/stm32f0xx_it.o
 .debug_info    0x0000155a      0xd7d Application/User/tim.o
 .debug_info    0x000022d7      0x8a0 Application/User/usart.o
 .debug_info    0x00002b77      0x246 Drivers/CMSIS/system_stm32f0xx.o
 .debug_info    0x00002dbd      0x561 Drivers/STM32F0xx_HAL_Driver/stm32f0xx_hal.o
 .debug_info    0x0000331e      0xd43 Drivers/STM32F0xx_HAL_Driver/stm32f0xx_hal_adc.o
 .debug_info    0x00004061      0x77b Drivers/STM32F0xx_HAL_Driver/stm32f0xx_hal_cortex.o
 .debug_info    0x000047dc      0x5dd Drivers/STM32F0xx_HAL_Driver/stm32f0xx_hal_gpio.o
 .debug_info    0x00004db9      0x987 Drivers/STM32F0xx_HAL_Driver/stm32f0xx_hal_rcc.o
 .debug_info    0x00005740      0x39a Drivers/STM32F0xx_HAL_Driver/stm32f0xx_hal_rcc_ex.o
 .debug_info    0x00005ada     0x2d54 Drivers/STM32F0xx_HAL_Driver/stm32f0xx_hal_tim.o
 .debug_info    0x0000882e      0xecb Drivers/STM32F0xx_HAL_Driver/stm32f0xx_hal_tim_ex.o
 .debug_info    0x000096f9     0x1262 Drivers/STM32F0xx_HAL_Driver/stm32f0xx_hal_uart.o

.debug_abbrev   0x00000000     0x1fcc
 .debug_abbrev  0x00000000       0x12 Application/SW4STM32/startup_stm32f030x6.o
 .debug_abbrev  0x00000012      0x1a0 Application/User/adc.o
 .debug_abbrev  0x000001b2      0x135 Application/User/gpio.o
 .debug_abbrev  0x000002e7      0x16c Application/User/main.o
 .debug_abbrev  0x00000453      0x101 Application/User/stm32f0xx_hal_msp.o
 .debug_abbrev  0x00000554       0xb0 Application/User/stm32f0xx_it.o
 .debug_abbrev  0x00000604      0x243 Application/User/tim.o
 .debug_abbrev  0x00000847      0x1a0 Application/User/usart.o
 .debug_abbrev  0x000009e7       0xf3 Drivers/CMSIS/system_stm32f0xx.o
 .debug_abbrev  0x00000ada      0x209 Drivers/STM32F0xx_HAL_Driver/stm32f0xx_hal.o
 .debug_abbrev  0x00000ce3      0x2a7 Drivers/STM32F0xx_HAL_Driver/stm32f0xx_hal_adc.o
 .debug_abbrev  0x00000f8a      0x276 Drivers/STM32F0xx_HAL_Driver/stm32f0xx_hal_cortex.o
 .debug_abbrev  0x00001200      0x1e1 Drivers/STM32F0xx_HAL_Driver/stm32f0xx_hal_gpio.o
 .debug_abbrev  0x000013e1      0x254 Drivers/STM32F0xx_HAL_Driver/stm32f0xx_hal_rcc.o
 .debug_abbrev  0x00001635      0x17f Drivers/STM32F0xx_HAL_Driver/stm32f0xx_hal_rcc_ex.o
 .debug_abbrev  0x000017b4      0x304 Drivers/STM32F0xx_HAL_Driver/stm32f0xx_hal_tim.o
 .debug_abbrev  0x00001ab8      0x271 Drivers/STM32F0xx_HAL_Driver/stm32f0xx_hal_tim_ex.o
 .debug_abbrev  0x00001d29      0x2a3 Drivers/STM32F0xx_HAL_Driver/stm32f0xx_hal_uart.o

.debug_aranges  0x00000000      0x908
 .debug_aranges
                0x00000000       0x28 Application/SW4STM32/startup_stm32f030x6.o
 .debug_aranges
                0x00000028       0x30 Application/User/adc.o
 .debug_aranges
                0x00000058       0x20 Application/User/gpio.o
 .debug_aranges
                0x00000078       0x30 Application/User/main.o
 .debug_aranges
                0x000000a8       0x20 Application/User/stm32f0xx_hal_msp.o
 .debug_aranges
                0x000000c8       0x30 Application/User/stm32f0xx_it.o
 .debug_aranges
                0x000000f8       0x60 Application/User/tim.o
 .debug_aranges
                0x00000158       0x30 Application/User/usart.o
 .debug_aranges
                0x00000188       0x28 Drivers/CMSIS/system_stm32f0xx.o
 .debug_aranges
                0x000001b0       0x98 Drivers/STM32F0xx_HAL_Driver/stm32f0xx_hal.o
 .debug_aranges
                0x00000248       0xd0 Drivers/STM32F0xx_HAL_Driver/stm32f0xx_hal_adc.o
 .debug_aranges
                0x00000318       0x78 Drivers/STM32F0xx_HAL_Driver/stm32f0xx_hal_cortex.o
 .debug_aranges
                0x00000390       0x58 Drivers/STM32F0xx_HAL_Driver/stm32f0xx_hal_gpio.o
 .debug_aranges
                0x000003e8       0x80 Drivers/STM32F0xx_HAL_Driver/stm32f0xx_hal_rcc.o
 .debug_aranges
                0x00000468       0x30 Drivers/STM32F0xx_HAL_Driver/stm32f0xx_hal_rcc_ex.o
 .debug_aranges
                0x00000498      0x258 Drivers/STM32F0xx_HAL_Driver/stm32f0xx_hal_tim.o
 .debug_aranges
                0x000006f0       0xf0 Drivers/STM32F0xx_HAL_Driver/stm32f0xx_hal_tim_ex.o
 .debug_aranges
                0x000007e0      0x128 Drivers/STM32F0xx_HAL_Driver/stm32f0xx_hal_uart.o

.debug_ranges   0x00000000      0xd10
 .debug_ranges  0x00000000       0x20 Application/SW4STM32/startup_stm32f030x6.o
 .debug_ranges  0x00000020       0x40 Application/User/adc.o
 .debug_ranges  0x00000060       0x68 Application/User/gpio.o
 .debug_ranges  0x000000c8       0x20 Application/User/main.o
 .debug_ranges  0x000000e8       0x50 Application/User/stm32f0xx_hal_msp.o
 .debug_ranges  0x00000138       0x20 Application/User/stm32f0xx_it.o
 .debug_ranges  0x00000158       0x50 Application/User/tim.o
 .debug_ranges  0x000001a8       0x40 Application/User/usart.o
 .debug_ranges  0x000001e8       0x18 Drivers/CMSIS/system_stm32f0xx.o
 .debug_ranges  0x00000200       0x88 Drivers/STM32F0xx_HAL_Driver/stm32f0xx_hal.o
 .debug_ranges  0x00000288       0xc0 Drivers/STM32F0xx_HAL_Driver/stm32f0xx_hal_adc.o
 .debug_ranges  0x00000348       0xe8 Drivers/STM32F0xx_HAL_Driver/stm32f0xx_hal_cortex.o
 .debug_ranges  0x00000430       0x68 Drivers/STM32F0xx_HAL_Driver/stm32f0xx_hal_gpio.o
 .debug_ranges  0x00000498       0xb0 Drivers/STM32F0xx_HAL_Driver/stm32f0xx_hal_rcc.o
 .debug_ranges  0x00000548       0x20 Drivers/STM32F0xx_HAL_Driver/stm32f0xx_hal_rcc_ex.o
 .debug_ranges  0x00000568      0x538 Drivers/STM32F0xx_HAL_Driver/stm32f0xx_hal_tim.o
 .debug_ranges  0x00000aa0       0xe0 Drivers/STM32F0xx_HAL_Driver/stm32f0xx_hal_tim_ex.o
 .debug_ranges  0x00000b80      0x190 Drivers/STM32F0xx_HAL_Driver/stm32f0xx_hal_uart.o

.debug_loc      0x00000000     0x6800
 .debug_loc     0x00000000       0x42 Application/User/adc.o
 .debug_loc     0x00000042       0x5b Application/User/tim.o
 .debug_loc     0x0000009d       0x42 Application/User/usart.o
 .debug_loc     0x000000df      0x107 Drivers/CMSIS/system_stm32f0xx.o
 .debug_loc     0x000001e6       0x6a Drivers/STM32F0xx_HAL_Driver/stm32f0xx_hal.o
 .debug_loc     0x00000250      0x9dc Drivers/STM32F0xx_HAL_Driver/stm32f0xx_hal_adc.o
 .debug_loc     0x00000c2c      0x3da Drivers/STM32F0xx_HAL_Driver/stm32f0xx_hal_cortex.o
 .debug_loc     0x00001006      0x2c5 Drivers/STM32F0xx_HAL_Driver/stm32f0xx_hal_gpio.o
 .debug_loc     0x000012cb      0x460 Drivers/STM32F0xx_HAL_Driver/stm32f0xx_hal_rcc.o
 .debug_loc     0x0000172b      0x254 Drivers/STM32F0xx_HAL_Driver/stm32f0xx_hal_rcc_ex.o
 .debug_loc     0x0000197f     0x35c5 Drivers/STM32F0xx_HAL_Driver/stm32f0xx_hal_tim.o
 .debug_loc     0x00004f44      0x9d2 Drivers/STM32F0xx_HAL_Driver/stm32f0xx_hal_tim_ex.o
 .debug_loc     0x00005916      0xeea Drivers/STM32F0xx_HAL_Driver/stm32f0xx_hal_uart.o

.debug_macro    0x00000000    0x11529
 .debug_macro   0x00000000      0x2fe Application/User/adc.o
 .debug_macro   0x000002fe      0x838 Application/User/adc.o
 .debug_macro   0x00000b36       0xaa Application/User/adc.o
 .debug_macro   0x00000be0       0x2e Application/User/adc.o
 .debug_macro   0x00000c0e       0x22 Application/User/adc.o
 .debug_macro   0x00000c30       0x22 Application/User/adc.o
 .debug_macro   0x00000c52       0x44 Application/User/adc.o
 .debug_macro   0x00000c96       0xfd Application/User/adc.o
 .debug_macro   0x00000d93       0x22 Application/User/adc.o
 .debug_macro   0x00000db5      0x1df Application/User/adc.o
 .debug_macro   0x00000f94       0x34 Application/User/adc.o
 .debug_macro   0x00000fc8       0x26 Application/User/adc.o
 .debug_macro   0x00000fee      0x30d Application/User/adc.o
 .debug_macro   0x000012fb     0x6d64 Application/User/adc.o
 .debug_macro   0x0000805f       0x3c Application/User/adc.o
 .debug_macro   0x0000809b     0x3398 Application/User/adc.o
 .debug_macro   0x0000b433       0x58 Application/User/adc.o
 .debug_macro   0x0000b48b       0x35 Application/User/adc.o
 .debug_macro   0x0000b4c0       0x9c Application/User/adc.o
 .debug_macro   0x0000b55c       0x16 Application/User/adc.o
 .debug_macro   0x0000b572       0x97 Application/User/adc.o
 .debug_macro   0x0000b609      0x329 Application/User/adc.o
 .debug_macro   0x0000b932       0xfd Application/User/adc.o
 .debug_macro   0x0000ba2f       0x10 Application/User/adc.o
 .debug_macro   0x0000ba3f       0x52 Application/User/adc.o
 .debug_macro   0x0000ba91       0x16 Application/User/adc.o
 .debug_macro   0x0000baa7       0x43 Application/User/adc.o
 .debug_macro   0x0000baea      0x187 Application/User/adc.o
 .debug_macro   0x0000bc71       0x10 Application/User/adc.o
 .debug_macro   0x0000bc81       0x22 Application/User/adc.o
 .debug_macro   0x0000bca3       0x3a Application/User/adc.o
 .debug_macro   0x0000bcdd       0x10 Application/User/adc.o
 .debug_macro   0x0000bced       0x40 Application/User/adc.o
 .debug_macro   0x0000bd2d       0x65 Application/User/adc.o
 .debug_macro   0x0000bd92       0x16 Application/User/adc.o
 .debug_macro   0x0000bda8      0x197 Application/User/adc.o
 .debug_macro   0x0000bf3f       0x49 Application/User/adc.o
 .debug_macro   0x0000bf88      0x931 Application/User/adc.o
 .debug_macro   0x0000c8b9       0xe5 Application/User/adc.o
 .debug_macro   0x0000c99e      0x13a Application/User/adc.o
 .debug_macro   0x0000cad8       0xad Application/User/adc.o
 .debug_macro   0x0000cb85      0x1e6 Application/User/adc.o
 .debug_macro   0x0000cd6b       0x34 Application/User/adc.o
 .debug_macro   0x0000cd9f       0x43 Application/User/adc.o
 .debug_macro   0x0000cde2       0x29 Application/User/adc.o
 .debug_macro   0x0000ce0b      0x344 Application/User/adc.o
 .debug_macro   0x0000d14f       0xbc Application/User/adc.o
 .debug_macro   0x0000d20b       0xb6 Application/User/adc.o
 .debug_macro   0x0000d2c1      0x15a Application/User/adc.o
 .debug_macro   0x0000d41b      0x202 Application/User/adc.o
 .debug_macro   0x0000d61d       0x55 Application/User/adc.o
 .debug_macro   0x0000d672       0x90 Application/User/adc.o
 .debug_macro   0x0000d702       0x4d Application/User/adc.o
 .debug_macro   0x0000d74f       0x2d Application/User/adc.o
 .debug_macro   0x0000d77c      0x814 Application/User/adc.o
 .debug_macro   0x0000df90       0x47 Application/User/adc.o
 .debug_macro   0x0000dfd7      0x375 Application/User/adc.o
 .debug_macro   0x0000e34c      0x156 Application/User/adc.o
 .debug_macro   0x0000e4a2       0xea Application/User/adc.o
 .debug_macro   0x0000e58c      0x2f4 Application/User/gpio.o
 .debug_macro   0x0000e880      0x312 Application/User/main.o
 .debug_macro   0x0000eb92      0x2ea Application/User/stm32f0xx_hal_msp.o
 .debug_macro   0x0000ee7c      0x2f4 Application/User/stm32f0xx_it.o
 .debug_macro   0x0000f170      0x2f4 Application/User/tim.o
 .debug_macro   0x0000f464      0x2fe Application/User/usart.o
 .debug_macro   0x0000f762      0x2ea Drivers/CMSIS/system_stm32f0xx.o
 .debug_macro   0x0000fa4c      0x30e Drivers/STM32F0xx_HAL_Driver/stm32f0xx_hal.o
 .debug_macro   0x0000fd5a      0x30e Drivers/STM32F0xx_HAL_Driver/stm32f0xx_hal_adc.o
 .debug_macro   0x00010068      0x2ea Drivers/STM32F0xx_HAL_Driver/stm32f0xx_hal_cortex.o
 .debug_macro   0x00010352      0x323 Drivers/STM32F0xx_HAL_Driver/stm32f0xx_hal_gpio.o
 .debug_macro   0x00010675      0x2fc Drivers/STM32F0xx_HAL_Driver/stm32f0xx_hal_rcc.o
 .debug_macro   0x00010971      0x2ea Drivers/STM32F0xx_HAL_Driver/stm32f0xx_hal_rcc_ex.o
 .debug_macro   0x00010c5b      0x2eb Drivers/STM32F0xx_HAL_Driver/stm32f0xx_hal_tim.o
 .debug_macro   0x00010f46      0x2ea Drivers/STM32F0xx_HAL_Driver/stm32f0xx_hal_tim_ex.o
 .debug_macro   0x00011230      0x2f9 Drivers/STM32F0xx_HAL_Driver/stm32f0xx_hal_uart.o

.debug_str      0x00000000    0x6089d
 .debug_str     0x00000000    0x5dda5 Application/User/adc.o
                              0x5e085 (size before relaxing)
 .debug_str     0x0005dda5       0x64 Application/User/gpio.o
                              0x5dca3 (size before relaxing)
 .debug_str     0x0005de09      0x3a9 Application/User/main.o
                              0x5dfc8 (size before relaxing)
 .debug_str     0x0005e1b2       0x42 Application/User/stm32f0xx_hal_msp.o
                              0x5dd49 (size before relaxing)
 .debug_str     0x0005e1f4       0x97 Application/User/stm32f0xx_it.o
                              0x5dbcf (size before relaxing)
 .debug_str     0x0005e28b      0x413 Application/User/tim.o
                              0x5e2e9 (size before relaxing)
 .debug_str     0x0005e69e      0x2d6 Application/User/usart.o
                              0x5e175 (size before relaxing)
 .debug_str     0x0005e974       0xd0 Drivers/CMSIS/system_stm32f0xx.o
                              0x5dc81 (size before relaxing)
 .debug_str     0x0005ea44      0x2bd Drivers/STM32F0xx_HAL_Driver/stm32f0xx_hal.o
                              0x5e0b4 (size before relaxing)
 .debug_str     0x0005ed01      0x36c Drivers/STM32F0xx_HAL_Driver/stm32f0xx_hal_adc.o
                              0x5e2e4 (size before relaxing)
 .debug_str     0x0005f06d      0x1b8 Drivers/STM32F0xx_HAL_Driver/stm32f0xx_hal_cortex.o
                              0x5df94 (size before relaxing)
 .debug_str     0x0005f225      0x23b Drivers/STM32F0xx_HAL_Driver/stm32f0xx_hal_gpio.o
                              0x5df03 (size before relaxing)
 .debug_str     0x0005f460      0x20d Drivers/STM32F0xx_HAL_Driver/stm32f0xx_hal_rcc.o
                              0x5e06b (size before relaxing)
 .debug_str     0x0005f66d       0xb2 Drivers/STM32F0xx_HAL_Driver/stm32f0xx_hal_rcc_ex.o
                              0x5dda0 (size before relaxing)
 .debug_str     0x0005f71f      0x9f7 Drivers/STM32F0xx_HAL_Driver/stm32f0xx_hal_tim.o
                              0x5ea83 (size before relaxing)
 .debug_str     0x00060116      0x31e Drivers/STM32F0xx_HAL_Driver/stm32f0xx_hal_tim_ex.o
                              0x5e4d0 (size before relaxing)
 .debug_str     0x00060434      0x469 Drivers/STM32F0xx_HAL_Driver/stm32f0xx_hal_uart.o
                              0x5e594 (size before relaxing)

.comment        0x00000000       0x6e
 .comment       0x00000000       0x6e Application/User/adc.o
                                 0x6f (size before relaxing)
 .comment       0x0000006e       0x6f Application/User/gpio.o
 .comment       0x0000006e       0x6f Application/User/main.o
 .comment       0x0000006e       0x6f Application/User/stm32f0xx_hal_msp.o
 .comment       0x0000006e       0x6f Application/User/stm32f0xx_it.o
 .comment       0x0000006e       0x6f Application/User/tim.o
 .comment       0x0000006e       0x6f Application/User/usart.o
 .comment       0x0000006e       0x6f Drivers/CMSIS/system_stm32f0xx.o
 .comment       0x0000006e       0x6f Drivers/STM32F0xx_HAL_Driver/stm32f0xx_hal.o
 .comment       0x0000006e       0x6f Drivers/STM32F0xx_HAL_Driver/stm32f0xx_hal_adc.o
 .comment       0x0000006e       0x6f Drivers/STM32F0xx_HAL_Driver/stm32f0xx_hal_cortex.o
 .comment       0x0000006e       0x6f Drivers/STM32F0xx_HAL_Driver/stm32f0xx_hal_gpio.o
 .comment       0x0000006e       0x6f Drivers/STM32F0xx_HAL_Driver/stm32f0xx_hal_rcc.o
 .comment       0x0000006e       0x6f Drivers/STM32F0xx_HAL_Driver/stm32f0xx_hal_rcc_ex.o
 .comment       0x0000006e       0x6f Drivers/STM32F0xx_HAL_Driver/stm32f0xx_hal_tim.o
 .comment       0x0000006e       0x6f Drivers/STM32F0xx_HAL_Driver/stm32f0xx_hal_tim_ex.o
 .comment       0x0000006e       0x6f Drivers/STM32F0xx_HAL_Driver/stm32f0xx_hal_uart.o

.debug_frame    0x00000000     0x1b40
 .debug_frame   0x00000000       0x68 Application/User/adc.o
 .debug_frame   0x00000068       0x30 Application/User/gpio.o
 .debug_frame   0x00000098       0x54 Application/User/main.o
 .debug_frame   0x000000ec       0x2c Application/User/stm32f0xx_hal_msp.o
 .debug_frame   0x00000118       0x68 Application/User/stm32f0xx_it.o
 .debug_frame   0x00000180       0xe8 Application/User/tim.o
 .debug_frame   0x00000268       0x60 Application/User/usart.o
 .debug_frame   0x000002c8       0x3c Drivers/CMSIS/system_stm32f0xx.o
 .debug_frame   0x00000304      0x144 Drivers/STM32F0xx_HAL_Driver/stm32f0xx_hal.o
 .debug_frame   0x00000448      0x2d8 Drivers/STM32F0xx_HAL_Driver/stm32f0xx_hal_adc.o
 .debug_frame   0x00000720       0xe4 Drivers/STM32F0xx_HAL_Driver/stm32f0xx_hal_cortex.o
 .debug_frame   0x00000804       0xc0 Drivers/STM32F0xx_HAL_Driver/stm32f0xx_hal_gpio.o
 .debug_frame   0x000008c4      0x130 Drivers/STM32F0xx_HAL_Driver/stm32f0xx_hal_rcc.o
 .debug_frame   0x000009f4       0x58 Drivers/STM32F0xx_HAL_Driver/stm32f0xx_hal_rcc_ex.o
 .debug_frame   0x00000a4c      0x918 Drivers/STM32F0xx_HAL_Driver/stm32f0xx_hal_tim.o
 .debug_frame   0x00001364      0x388 Drivers/STM32F0xx_HAL_Driver/stm32f0xx_hal_tim_ex.o
 .debug_frame   0x000016ec      0x3e0 Drivers/STM32F0xx_HAL_Driver/stm32f0xx_hal_uart.o
 .debug_frame   0x00001acc       0x20 c:/users/adam/documents/stm32/workbench/plugins/fr.ac6.mcu.externaltools.arm-none.win32_1.7.0.201602121829/tools/compiler/bin/../lib/gcc/arm-none-eabi/5.2.1/armv6-m\libgcc.a(_udivsi3.o)
 .debug_frame   0x00001aec       0x2c c:/users/adam/documents/stm32/workbench/plugins/fr.ac6.mcu.externaltools.arm-none.win32_1.7.0.201602121829/tools/compiler/bin/../lib/gcc/arm-none-eabi/5.2.1/../../../../arm-none-eabi/lib/armv6-m\libc_nano.a(lib_a-init.o)
 .debug_frame   0x00001b18       0x28 c:/users/adam/documents/stm32/workbench/plugins/fr.ac6.mcu.externaltools.arm-none.win32_1.7.0.201602121829/tools/compiler/bin/../lib/gcc/arm-none-eabi/5.2.1/../../../../arm-none-eabi/lib/armv6-m\libc_nano.a(lib_a-memcpy-stub.o)
